{"Output": [{"Energy": {"Mean": -0.5045740910398389, "Variance": 0.004456229986874519, "Sigma": 0.0015350722395136324, "R_hat": 0.9983507127798434, "TauCorr": 0.028798286324119515}, "Iteration": 0}, {"Energy": {"Mean": -0.5041273312557054, "Variance": 0.004379178113474704, "Sigma": 0.0014998865115127132, "R_hat": 0.9992599153248214, "TauCorr": 0.01371729788646614}, "Iteration": 1}, {"Energy": {"Mean": -0.5031819471726682, "Variance": 0.004335069523076066, "Sigma": 0.0014733840558278563, "R_hat": 0.9996311367503307, "TauCorr": 0.0007671882566142596}, "Iteration": 2}, {"Energy": {"Mean": -0.5039593676729043, "Variance": 0.004063893671882298, "Sigma": 0.001443985002344087, "R_hat": 0.9997862117745048, "TauCorr": 0.013077569283176604}, "Iteration": 3}, {"Energy": {"Mean": -0.5045986029009824, "Variance": 0.003933088852202874, "Sigma": 0.0013727425331534929, "R_hat": 1.0021758679939194, "TauCorr": 0.0}, "Iteration": 4}, {"Energy": {"Mean": -0.5036636322606928, "Variance": 0.003975215943210583, "Sigma": 0.001364828533364229, "R_hat": 0.9974107950097235, "TauCorr": 0.0}, "Iteration": 5}, {"Energy": {"Mean": -0.5063020466752994, "Variance": 0.003657829093154876, "Sigma": 0.0013421719372695372, "R_hat": 0.9981952650614367, "TauCorr": 0.0}, "Iteration": 6}, {"Energy": {"Mean": -0.5054920529087423, "Variance": 0.0036347952801202153, "Sigma": 0.0013525390458091631, "R_hat": 1.001319991657889, "TauCorr": 0.003291583007078769}, "Iteration": 7}, {"Energy": {"Mean": -0.5044520343388574, "Variance": 0.003406544682859461, "Sigma": 0.0013176218454183954, "R_hat": 1.0003168017950756, "TauCorr": 0.009644666121469636}, "Iteration": 8}, {"Energy": {"Mean": -0.5064428953330519, "Variance": 0.003509305561330452, "Sigma": 0.0012844740789011626, "R_hat": 1.0002860107354208, "TauCorr": 0.0}, "Iteration": 9}, {"Energy": {"Mean": -0.5064998178638307, "Variance": 0.0033116700563233913, "Sigma": 0.0013529553033339054, "R_hat": 1.0010232918732513, "TauCorr": 0.05273865502517583}, "Iteration": 10}, {"Energy": {"Mean": -0.5072433538165989, "Variance": 0.0031812151653009013, "Sigma": 0.0012430719884739953, "R_hat": 1.0002700911238571, "TauCorr": 0.0}, "Iteration": 11}, {"Energy": {"Mean": -0.5047541025722898, "Variance": 0.003167194429040041, "Sigma": 0.0012993749548774454, "R_hat": 1.0001079204801901, "TauCorr": 0.03308229450078326}, "Iteration": 12}, {"Energy": {"Mean": -0.5024796790705991, "Variance": 0.00311335727890668, "Sigma": 0.0012172037408826485, "R_hat": 0.9985486770345798, "TauCorr": 0.0}, "Iteration": 13}, {"Energy": {"Mean": -0.5043582429575869, "Variance": 0.003045107324689134, "Sigma": 0.001249819231227104, "R_hat": 1.0013714063205743, "TauCorr": 0.012969805064120044}, "Iteration": 14}, {"Energy": {"Mean": -0.5064361413291003, "Variance": 0.002950078035040273, "Sigma": 0.0012205934419056894, "R_hat": 0.9992637265385794, "TauCorr": 0.005019980057184958}, "Iteration": 15}, {"Energy": {"Mean": -0.5050777103158212, "Variance": 0.002770391140803503, "Sigma": 0.0011691626934761618, "R_hat": 0.9986354899675949, "TauCorr": 0.0}, "Iteration": 16}, {"Energy": {"Mean": -0.5046318469104175, "Variance": 0.0028500216767761164, "Sigma": 0.0011855951192377104, "R_hat": 0.9994204347766878, "TauCorr": 0.0}, "Iteration": 17}, {"Energy": {"Mean": -0.5041302444202777, "Variance": 0.0028210639902738564, "Sigma": 0.0012473226025225175, "R_hat": 1.0006846517892782, "TauCorr": 0.05149889549740938}, "Iteration": 18}, {"Energy": {"Mean": -0.5036273728886095, "Variance": 0.002739008086020221, "Sigma": 0.0011307778251424274, "R_hat": 0.9988394449360927, "TauCorr": 0.0}, "Iteration": 19}, {"Energy": {"Mean": -0.5050953218675335, "Variance": 0.0027052702201921324, "Sigma": 0.0011457524412028955, "R_hat": 0.9988837435458431, "TauCorr": 0.0}, "Iteration": 20}, {"Energy": {"Mean": -0.5053971221976884, "Variance": 0.0025422841787858686, "Sigma": 0.0011786609503401434, "R_hat": 0.9999273255388411, "TauCorr": 0.04645410904464542}, "Iteration": 21}, {"Energy": {"Mean": -0.5066161667438861, "Variance": 0.0026243944341143334, "Sigma": 0.0011417516133053222, "R_hat": 0.9999125129461884, "TauCorr": 0.0}, "Iteration": 22}, {"Energy": {"Mean": -0.5052589620978389, "Variance": 0.0025120738790710036, "Sigma": 0.0010863372052453669, "R_hat": 0.9995784089844656, "TauCorr": 0.0}, "Iteration": 23}, {"Energy": {"Mean": -0.5061313581424023, "Variance": 0.002544294123678666, "Sigma": 0.0011708486035979944, "R_hat": 1.0007773001904234, "TauCorr": 0.03880816678744592}, "Iteration": 24}, {"Energy": {"Mean": -0.5054026943274891, "Variance": 0.002512828055357569, "Sigma": 0.0011305858932513662, "R_hat": 1.002071858175988, "TauCorr": 0.008679636592604734}, "Iteration": 25}, {"Energy": {"Mean": -0.5066976423207505, "Variance": 0.00240607248469749, "Sigma": 0.0010817083539240585, "R_hat": 0.999597027444881, "TauCorr": 0.0}, "Iteration": 26}, {"Energy": {"Mean": -0.5047383789571139, "Variance": 0.002356983623371809, "Sigma": 0.001124249269681188, "R_hat": 1.000835758735415, "TauCorr": 0.03625167686593722}, "Iteration": 27}, {"Energy": {"Mean": -0.5083979766170464, "Variance": 0.002424135443749069, "Sigma": 0.001094077000857682, "R_hat": 0.9994960547474723, "TauCorr": 0.0}, "Iteration": 28}, {"Energy": {"Mean": -0.5047418461388143, "Variance": 0.0024652855789596495, "Sigma": 0.0011351985557979411, "R_hat": 0.998701354978658, "TauCorr": 0.022728795432110593}, "Iteration": 29}, {"Energy": {"Mean": -0.5064314369747722, "Variance": 0.0022845233181739157, "Sigma": 0.001020802850477869, "R_hat": 0.999204406093119, "TauCorr": 0.0}, "Iteration": 30}, {"Energy": {"Mean": -0.506034830724561, "Variance": 0.0022317693464197533, "Sigma": 0.0010725699540340104, "R_hat": 0.9979372093593196, "TauCorr": 0.015468279973476107}, "Iteration": 31}, {"Energy": {"Mean": -0.5055310551749634, "Variance": 0.002296525186984362, "Sigma": 0.001054361445005797, "R_hat": 0.999466406097817, "TauCorr": 0.0}, "Iteration": 32}, {"Energy": {"Mean": -0.5052531397659192, "Variance": 0.002223391780549722, "Sigma": 0.001094380522878326, "R_hat": 1.004469687040586, "TauCorr": 0.03866742664638301}, "Iteration": 33}, {"Energy": {"Mean": -0.503360191568311, "Variance": 0.002233923370270614, "Sigma": 0.0010843281416639235, "R_hat": 1.0002541896391084, "TauCorr": 0.02632401560932085}, "Iteration": 34}, {"Energy": {"Mean": -0.5055498377414328, "Variance": 0.002232130348388993, "Sigma": 0.0010783032141062766, "R_hat": 1.0023717499587355, "TauCorr": 0.020909463191123856}, "Iteration": 35}, {"Energy": {"Mean": -0.5053470434042726, "Variance": 0.0022693590104709916, "Sigma": 0.0010882780586712085, "R_hat": 1.0012684346453458, "TauCorr": 0.02188707362761866}, "Iteration": 36}, {"Energy": {"Mean": -0.5060174997883254, "Variance": 0.0022519849034932744, "Sigma": 0.0010740282886547664, "R_hat": 1.0006727162727826, "TauCorr": 0.01223112687892458}, "Iteration": 37}, {"Energy": {"Mean": -0.5049243458511745, "Variance": 0.0021190081352620758, "Sigma": 0.001016031332764096, "R_hat": 0.999656892615994, "TauCorr": 0.0}, "Iteration": 38}, {"Energy": {"Mean": -0.5045944093819227, "Variance": 0.002214182626479994, "Sigma": 0.0010592607726280926, "R_hat": 0.9994899657322516, "TauCorr": 0.006748346324269128}, "Iteration": 39}, {"Energy": {"Mean": -0.5070307564270184, "Variance": 0.0021463005512478463, "Sigma": 0.0010659124851572495, "R_hat": 0.9986362753907921, "TauCorr": 0.029361754742848745}, "Iteration": 40}, {"Energy": {"Mean": -0.5056907356105397, "Variance": 0.0021365922628873314, "Sigma": 0.000993589442826185, "R_hat": 0.9995615255521499, "TauCorr": 0.0}, "Iteration": 41}, {"Energy": {"Mean": -0.5054138655051656, "Variance": 0.0021203570917783772, "Sigma": 0.0010232673623121087, "R_hat": 0.997750770734845, "TauCorr": 0.0}, "Iteration": 42}, {"Energy": {"Mean": -0.5048673886864811, "Variance": 0.0021365598038227372, "Sigma": 0.0010151422066822832, "R_hat": 0.9986269190178899, "TauCorr": 0.0}, "Iteration": 43}, {"Energy": {"Mean": -0.5053286482213792, "Variance": 0.0021249114409513867, "Sigma": 0.0010703107571253105, "R_hat": 0.998942510027581, "TauCorr": 0.03911193414500669}, "Iteration": 44}, {"Energy": {"Mean": -0.5062401270167789, "Variance": 0.00208661904649253, "Sigma": 0.0010378429882141984, "R_hat": 0.9976350928849205, "TauCorr": 0.01620254784693065}, "Iteration": 45}, {"Energy": {"Mean": -0.5055835382403389, "Variance": 0.0020667371883604374, "Sigma": 0.0010607002266238808, "R_hat": 1.000397927561635, "TauCorr": 0.04437737758640359}, "Iteration": 46}, {"Energy": {"Mean": -0.5047901537721762, "Variance": 0.00206310516891882, "Sigma": 0.0010120468405241483, "R_hat": 0.9996859813076839, "TauCorr": 0.0}, "Iteration": 47}, {"Energy": {"Mean": -0.506080908873956, "Variance": 0.0020511347290493626, "Sigma": 0.0009989767376550928, "R_hat": 0.9988190151976507, "TauCorr": 0.0}, "Iteration": 48}, {"Energy": {"Mean": -0.5054729535789582, "Variance": 0.0020840582344757008, "Sigma": 0.0010307781008261447, "R_hat": 0.9996023525890437, "TauCorr": 0.009824282050378663}, "Iteration": 49}, {"Energy": {"Mean": -0.5064346409979181, "Variance": 0.001957265830921954, "Sigma": 0.0009689794046592405, "R_hat": 0.9998318172376613, "TauCorr": 0.0}, "Iteration": 50}]}